[INFO] Scanning for projects...
[INFO] 
[INFO] -----------------------< com.loanmaker:backend >------------------------
[INFO] Building loan-maker-backend 0.0.1-SNAPSHOT
[INFO]   from pom.xml
[INFO] --------------------------------[ jar ]---------------------------------
[INFO] 
[INFO] --- resources:3.3.1:resources (default-resources) @ backend ---
[INFO] Copying 1 resource from src\main\resources to target\classes
[INFO] Copying 1 resource from src\main\resources to target\classes
[INFO] 
[INFO] --- compiler:3.14.0:compile (default-compile) @ backend ---
[INFO] Recompiling the module because of changed source code.
[INFO] Compiling 40 source files with javac [debug parameters release 21] to target\classes
[INFO] -------------------------------------------------------------
[ERROR] COMPILATION ERROR : 
[INFO] -------------------------------------------------------------
[ERROR] /C:/Users/pechi/OneDrive/Desktop/Loan_Maker_Project/backend/src/main/java/com/loanmaker/controller/LoanController.java:[45,27] cannot find symbol
  symbol:   class MessageResponse
  location: class com.loanmaker.controller.LoanController
[INFO] 1 error
[INFO] -------------------------------------------------------------
[INFO] ------------------------------------------------------------------------
[INFO] BUILD FAILURE
[INFO] ------------------------------------------------------------------------
[INFO] Total time:  9.891 s
[INFO] Finished at: 2026-04-03T19:24:54+05:30
[INFO] ------------------------------------------------------------------------
[ERROR] Failed to execute goal org.apache.maven.plugins:maven-compiler-plugin:3.14.0:compile (default-compile) on project backend: Compilation failure
[ERROR] /C:/Users/pechi/OneDrive/Desktop/Loan_Maker_Project/backend/src/main/java/com/loanmaker/controller/LoanController.java:[45,27] cannot find symbol
[ERROR]   symbol:   class MessageResponse
[ERROR]   location: class com.loanmaker.controller.LoanController
[ERROR] 
[ERROR] -> [Help 1]
[ERROR] 
[ERROR] To see the full stack trace of the errors, re-run Maven with the -e switch.
[ERROR] Re-run Maven using the -X switch to enable full debug logging.
[ERROR] 
[ERROR] For more information about the errors and possible solutions, please read the following articles:
[ERROR] [Help 1] http://cwiki.apache.org/confluence/display/MAVEN/MojoFailureException
